
> build
> react-router build

[36mvite v6.3.6 [32mbuilding for production...[36m[39m
transforming...
[32mΓ£ô[39m 1702 modules transformed.
rendering chunks...
computing gzip size...
[2mbuild/client/[22m[32m.vite/manifest.json                [39m[1m[2m  2.14 kB[22m[1m[22m[2m Γöé gzip:  0.48 kB[22m
[2mbuild/client/[22m[35massets/root-DvZtfwz9.css           [39m[1m[2m 24.21 kB[22m[1m[22m[2m Γöé gzip:  5.17 kB[22m
[2mbuild/client/[22m[36massets/index-BBR7LY95.js           [39m[1m[2m  0.20 kB[22m[1m[22m[2m Γöé gzip:  0.16 kB[22m
[2mbuild/client/[22m[36massets/not-found-CtLg2BKE.js       [39m[1m[2m  4.90 kB[22m[1m[22m[2m Γöé gzip:  1.84 kB[22m
[2mbuild/client/[22m[36massets/entry.client-DkiXSmfY.js    [39m[1m[2m  9.78 kB[22m[1m[22m[2m Γöé gzip:  3.60 kB[22m
[2mbuild/client/[22m[36massets/index-FZ-at949.js           [39m[1m[2m 33.67 kB[22m[1m[22m[2m Γöé gzip:  9.65 kB[22m
[2mbuild/client/[22m[36massets/root-B3-dW2dR.js            [39m[1m[2m 45.76 kB[22m[1m[22m[2m Γöé gzip: 13.06 kB[22m
[2mbuild/client/[22m[36massets/chunk-B7RQU5TL-CdKB56kH.js  [39m[1m[2m115.22 kB[22m[1m[22m[2m Γöé gzip: 38.63 kB[22m
[2mbuild/client/[22m[36massets/page-Bza45Q4-.js            [39m[1m[2m123.79 kB[22m[1m[22m[2m Γöé gzip: 31.75 kB[22m
[2mbuild/client/[22m[36massets/index-CPnnyUZc.js           [39m[1m[2m135.05 kB[22m[1m[22m[2m Γöé gzip: 43.32 kB[22m
[32mΓ£ô built in 3.51s[39m
[36mvite v6.3.6 [32mbuilding SSR bundle for production...[36m[39m
transforming...
[32mΓ£ô[39m 1 modules transformed.
node.exe : [33mGenerated an empty chunk: "index".[39m
At line:1 char:1
+ & "C:\Program Files\nodejs/node.exe" "C:\Users\SAURA\AppData\Roaming\ ...
+ ~~~~~~~~~~~~~~~~~~~~~~~~~~~~~~~~~~~~~~~~~~~~~~~~~~~~~~~~~~~~~~~~~~~~~
    + CategoryInfo          : NotSpecified: ([33mGenerated ...: "index".[39m:String) [], RemoteException
    + FullyQualifiedErrorId : NativeCommandError
 
rendering chunks...
[2mbuild/server/[22m[32m.vite/manifest.json  [39m[1m[2m0.16 kB[22m[1m[22m
[2mbuild/server/[22m[36mindex.js             [39m[1m[2m0.00 kB[22m[1m[22m
[31mΓ£ù[39m Build failed in 41ms
[31m[react-router] build.prerender is not iterable[39m
    at handlePrerender (C:\Users\SAURA\Downloads\web\node_modules\.pnpm\@react-router+dev@7.9.1_@re_754f3191eeb743c979304a750455ae03\node_modules\@react-router
\dev\dist\vite.js:4238:27)
    at Object.handler (C:\Users\SAURA\Downloads\web\node_modules\.pnpm\@react-router+dev@7.9.1_@re_754f3191eeb743c979304a750455ae03\node_modules\@react-router\
dev\dist\vite.js:3588:13)
    at async Promise.all (index 0)
    at PluginDriver.hookParallel 
(file:///C:/Users/SAURA/Downloads/web/node_modules/.pnpm/rollup@4.52.0/node_modules/rollup/dist/es/shared/node-entry.js:22355:9)
    at file:///C:/Users/SAURA/Downloads/web/node_modules/.pnpm/rollup@4.52.0/node_modules/rollup/dist/es/shared/node-entry.js:23437:13
    at catchUnfinishedHookActions 
(file:///C:/Users/SAURA/Downloads/web/node_modules/.pnpm/rollup@4.52.0/node_modules/rollup/dist/es/shared/node-entry.js:22799:16)
    at buildEnvironment (file:///C:/Users/SAURA/Downloads/web/node_modules/.pnpm/vite@6.3.6_@types+node@20.1_1c62a480f6ea671fedefa67bde628c4a/node_modules/vite
/dist/node/chunks/dep-Bu492Fnd.js:46230:16)
    at buildEnvironment (C:\Users\SAURA\Downloads\web\node_modules\.pnpm\@react-router+dev@7.9.1_@re_754f3191eeb743c979304a750455ae03\node_modules\@react-route
r\dev\dist\cli\index.js:1985:5)
    at async Promise.all (index 0)
    at viteBuild (C:\Users\SAURA\Downloads\web\node_modules\.pnpm\@react-router+dev@7.9.1_@re_754f3191eeb743c979304a750455ae03\node_modules\@react-router\dev\d
ist\cli\index.js:2021:3)
    at build (C:\Users\SAURA\Downloads\web\node_modules\.pnpm\@react-router+dev@7.9.1_@re_754f3191eeb743c979304a750455ae03\node_modules\@react-router\dev\dist\
cli\index.js:1882:10)
    at build2 (C:\Users\SAURA\Downloads\web\node_modules\.pnpm\@react-router+dev@7.9.1_@re_754f3191eeb743c979304a750455ae03\node_modules\@react-router\dev\dist
\cli\index.js:2221:5)
    at run2 (C:\Users\SAURA\Downloads\web\node_modules\.pnpm\@react-router+dev@7.9.1_@re_754f3191eeb743c979304a750455ae03\node_modules\@react-router\dev\dist\c
li\index.js:2525:7) {
  code: 'PLUGIN_ERROR',
  plugin: 'react-router',
  hook: 'writeBundle'
}
